3 IDENTIFIER truefalse
3 IDENTIFIER falsetrue
3 BOOLEANLITERAL true
3 BOOLEANLITERAL false
