Running the 6.035 public parser tests...
Exit Status: 0
Standard Output:

Standard Error:

Running the 6.035 hidden parser tests...
Exit Status: 0
Standard Output:

Standard Error:

Running the 6.035 custom parser tests...
Exit Status: 0
Standard Output:

Standard Error:

