Running the 6.035 public scanner tests...
Exit Status: 0
Standard Output:

Standard Error:

Running the 6.035 hidden scanner tests...
Exit Status: 0
Standard Output:

Standard Error:

Running the 6.035 custom scanner tests...
Exit Status: 0
Standard Output:

Standard Error:

