expecting to print 12, is 12
expecting to print 10, is 10
