Should print
Should also print
Should print
Should print
