Should equal -9223372036854775808, is -9223372036854775808
Should equal 9223372036854775807, is 9223372036854775807
