Should equal 4, is 4
Should equal -6, is -6
Should equal -9, is -9
Should equal 8, is 8
