expecting to print 18, is 18
expecting to print 33, is 33
