expecting to print 1, is 1
expecting to print 0, is 0
expecting to print 2, is 2
expecting to print 1, is 1
