expecting to print 5, is 5
expecting to print 5, is 5
expecting to print 3, is 3
expecting to print 2, is 2
